MPASM  5.51                       AULA050.ASM   6-15-2023  11:13:14         PAGE  1


LOC  OBJECT CODE     LINE SOURCE TEXT
  VALUE

                      00001         TITLE           "AULA50 - INTERRUPÇÃO EXTERNA POR RB E POR RB0"
                      00002         PROCESSOR       16F84A
                      00003         #INCLUDE        <P16F84A.INC>
                      00001         LIST
                      00002 
                      00003 ;==========================================================================
                      00004 ;  MPASM PIC16F84A processor include
                      00005 ; 
                      00006 ;  (c) Copyright 1999-2013 Microchip Technology, All rights reserved
                      00007 ;==========================================================================
                      00008 
                      00208         LIST
2007   3FF1           00004         __CONFIG        _XT_OSC & _CP_OFF & _WDT_OFF & _PWRTE_ON
                      00005 
                      00006 ;++++++++++++++++++++++++++++++++++++++++++++++++++++++++++++++++++++++++++++++
                      00007 
                      00008         ;REGISTRADORES BANCO 0
                      00009         #DEFINE         CH_GERAL        INTCON, GIE                             ;BIT 7  HABILITA INTERRU
                            PÇÃO GERAL
                      00010         #DEFINE         INT_RB          INTCON, RBIE                    ;BIT 3  HABILITA INTERRUPÇÃO POR
                             RB4 A RB7
                      00011         #DEFINE         INT_RB0         INTCON, INTE                    ;BIT 5  HABILITA INTERRUPÇÃO POR
                             RB0
                      00012         #DEFINE         FLAG_RB         INTCON, RBIF                    ;BIT 0
                      00013         #DEFINE         FLAG_RB0        INTCON, INTF                    ;BIT 2
                      00014         ;REGISTRADORES BANCO 1
                      00015 
                      00016         ;GERAL
                      00017         #DEFINE         BANCO0          BCF             STATUS, RP0             ;BIT 5
                      00018         #DEFINE         BANCO1          BSF             STATUS, RP0             ;BIT 5
                      00019         #DEFINE         LED1            PORTB, RB1
                      00020         #DEFINE         LED2            PORTB, RB2
                      00021         #DEFINE         LED_RB          PORTA, RA1                              ;LED DA INTERRUPÇÃO RB
                      00022         #DEFINE         LED_RB0         PORTA, RA2                              ;LED DA INTERRUPÇÃO RB0
                      00023         
                      00024 ;++++++++++++++++++++++++++++++++++++++++++++++++++++++++++++++++++++++++++++++
                      00025 
Warning[207]: Found label after column 1. (TEMPO1)
  0000000C            00026         TEMPO1          EQU                     0X0C
Warning[207]: Found label after column 1. (TEMPO2)
  0000000D            00027         TEMPO2          EQU                     0X0D
                      00028 
                      00029 ;++++++++++++++++++++++++++++++++++++++++++++++++++++++++++++++++++++++++++++++
                      00030 
0000                  00031         ORG                     0X00
0000   2817           00032         GOTO            INICIO
                      00033         
0004                  00034         ORG                     0X04
0004   1086           00035         BCF                     LED1
0005   1106           00036         BCF                     LED2
0006   1C8B           00037         BTFSS           FLAG_RB0
0007   1C0B           00038         BTFSS           FLAG_RB
0008   280A           00039         GOTO            INTERRUP_RB0
MPASM  5.51                       AULA050.ASM   6-15-2023  11:13:14         PAGE  2
AULA50 - INTERRUPÇÃO EXTERNA POR RB E POR RB0

LOC  OBJECT CODE     LINE SOURCE TEXT
  VALUE

0009   280D           00040         GOTO            INTERRUP_RB
                      00041         
000A                  00042 INTERRUP_RB0:
000A   1505           00043         BSF                     LED_RB0
000B   1085           00044         BCF                     LED_RB
000C   2810           00045         GOTO            ROTINA
000D                  00046 INTERRUP_RB:
000D   1485           00047         BSF                     LED_RB
000E   1105           00048         BCF                     LED_RB0
000F   2810           00049         GOTO            ROTINA
                      00050 
0010                  00051 ROTINA:
0010   202A           00052         CALL            DELAY
0011   202A           00053         CALL            DELAY
0012   1085           00054         BCF                     LED_RB
0013   100B           00055         BCF                     FLAG_RB
0014   1105           00056         BCF                     LED_RB0
0015   108B           00057         BCF                     FLAG_RB0
                      00058 
0016   0009           00059         RETFIE
                      00060         
                      00061 ;++++++++++++++++++++++++++++++++++++++++++++++++++++++++++++++++++++++++++++++
                      00062 
0017                  00063 INICIO:
                      00064         
0017   1683           00065         BANCO1                                                                  ;PODERIA USAR: BANKSEL T
                            RISB
0018   30F9           00066         MOVLW           B'11111001'                                     ;RB7 A RB4 E RB0 COMO ENTRADA
Message[302]: Register in operand not in bank 0.  Ensure that bank bits are correct.
0019   0086           00067         MOVWF           TRISB
001A   3000           00068         MOVLW           B'00000000'                                     ;CONFIGURA PORT A COMO SAÍDA
Message[302]: Register in operand not in bank 0.  Ensure that bank bits are correct.
001B   0085           00069         MOVWF           TRISA                                           
001C   018B           00070         CLRF            INTCON                                          ;INICIA/LIMPA TODAS AS INTERRUPÇ
                            ÕES E FLAGS
                      00071         
001D   1283           00072         BANCO0                                                                  ;PODERIA USAR: BANKSEL P
                            ORTB
001E   0186           00073         CLRF            PORTB
001F   178B           00074         BSF                     CH_GERAL                                        ;LIGA A CHAVE GERAL
0020   158B           00075         BSF                     INT_RB                                          ;LIGA A CHAVE DA INTERRU
                            PÇÃO RB
0021   160B           00076         BSF                     INT_RB0                                         ;LIGA A CHAVE DA INTERRU
                            PÇÃO RB0
                      00077 
                      00078 
0022                  00079 L1:
0022   1486           00080         BSF                     LED1
0023   1106           00081         BCF                     LED2
0024   202A           00082         CALL            DELAY
0025   2826           00083         GOTO            L2
                      00084         
0026                  00085 L2:
MPASM  5.51                       AULA050.ASM   6-15-2023  11:13:14         PAGE  3
AULA50 - INTERRUPÇÃO EXTERNA POR RB E POR RB0

LOC  OBJECT CODE     LINE SOURCE TEXT
  VALUE

0026   1086           00086         BCF                     LED1
0027   1506           00087         BSF                     LED2
0028   202A           00088         CALL            DELAY
0029   2822           00089         GOTO            L1
                      00090 
                      00091 
002A                  00092 DELAY:
002A   30F9           00093         MOVLW           D'249'
002B   008C           00094         MOVWF           TEMPO1
002C                  00095 M2:     
002C   30FB           00096         MOVLW           D'251'
002D   008D           00097         MOVWF           TEMPO2
                      00098         
002E                  00099 M1:
002E   0000           00100         NOP
002F   0000           00101         NOP
0030   0000           00102         NOP
0031   0000           00103         NOP
0032   0000           00104         NOP
                      00105         
Message[305]: Using default destination of 1 (file).
0033   0B8D           00106         DECFSZ          TEMPO2
0034   282E           00107         GOTO            M1
                      00108         
Message[305]: Using default destination of 1 (file).
0035   0B8C           00109         DECFSZ          TEMPO1
0036   282C           00110         GOTO            M2      
                      00111         
0037   0008           00112         RETURN
                      00113 
                      00114         
                      00115         END
MPASM  5.51                       AULA050.ASM   6-15-2023  11:13:14         PAGE  4
AULA50 - INTERRUPÇÃO EXTERNA POR RB E POR RB0

SYMBOL TABLE
  LABEL                             VALUE 

BANCO0                            BCF             STATUS, RP0
BANCO1                            BSF             STATUS, RP0
C                                 00000000
CH_GERAL                          INTCON, GIE
DC                                00000001
DELAY                             0000002A
EEADR                             00000009
EECON1                            00000088
EECON2                            00000089
EEDATA                            00000008
EEIE                              00000006
EEIF                              00000004
F                                 00000001
FLAG_RB                           INTCON, RBIF
FLAG_RB0                          INTCON, INTF
FSR                               00000004
GIE                               00000007
INDF                              00000000
INICIO                            00000017
INTCON                            0000000B
INTE                              00000004
INTEDG                            00000006
INTERRUP_RB                       0000000D
INTERRUP_RB0                      0000000A
INTF                              00000001
INT_RB                            INTCON, RBIE
INT_RB0                           INTCON, INTE
IRP                               00000007
L1                                00000022
L2                                00000026
LED1                              PORTB, RB1
LED2                              PORTB, RB2
LED_RB                            PORTA, RA1
LED_RB0                           PORTA, RA2
M1                                0000002E
M2                                0000002C
NOT_PD                            00000003
NOT_RBPU                          00000007
NOT_TO                            00000004
OPTION_REG                        00000081
PCL                               00000002
PCLATH                            0000000A
PORTA                             00000005
PORTB                             00000006
PS0                               00000000
PS1                               00000001
PS2                               00000002
PSA                               00000003
RA0                               00000000
RA1                               00000001
RA2                               00000002
RA3                               00000003
RA4                               00000004
MPASM  5.51                       AULA050.ASM   6-15-2023  11:13:14         PAGE  5
AULA50 - INTERRUPÇÃO EXTERNA POR RB E POR RB0

SYMBOL TABLE
  LABEL                             VALUE 

RB0                               00000000
RB1                               00000001
RB2                               00000002
RB3                               00000003
RB4                               00000004
RB5                               00000005
RB6                               00000006
RB7                               00000007
RBIE                              00000003
RBIF                              00000000
RD                                00000000
ROTINA                            00000010
RP0                               00000005
RP1                               00000006
STATUS                            00000003
T0CS                              00000005
T0IE                              00000005
T0IF                              00000002
T0SE                              00000004
TEMPO1                            0000000C
TEMPO2                            0000000D
TMR0                              00000001
TMR0IE                            00000005
TMR0IF                            00000002
TRISA                             00000085
TRISA0                            00000000
TRISA1                            00000001
TRISA2                            00000002
TRISA3                            00000003
TRISA4                            00000004
TRISB                             00000086
TRISB0                            00000000
TRISB1                            00000001
TRISB2                            00000002
TRISB3                            00000003
TRISB4                            00000004
TRISB5                            00000005
TRISB6                            00000006
TRISB7                            00000007
W                                 00000000
WR                                00000001
WREN                              00000002
WRERR                             00000003
Z                                 00000002
_CONFIG                           00002007
_CP_OFF                           00003FFF
_CP_ON                            0000000F
_DEVID1                           00002006
_FOSC_EXTRC                       00003FFF
_FOSC_HS                          00003FFE
_FOSC_LP                          00003FFC
_FOSC_XT                          00003FFD
_HS_OSC                           00003FFE
MPASM  5.51                       AULA050.ASM   6-15-2023  11:13:14         PAGE  6
AULA50 - INTERRUPÇÃO EXTERNA POR RB E POR RB0

SYMBOL TABLE
  LABEL                             VALUE 

_IDLOC0                           00002000
_IDLOC1                           00002001
_IDLOC2                           00002002
_IDLOC3                           00002003
_LP_OSC                           00003FFC
_PWRTE_OFF                        00003FFF
_PWRTE_ON                         00003FF7
_RC_OSC                           00003FFF
_WDTE_OFF                         00003FFB
_WDTE_ON                          00003FFF
_WDT_OFF                          00003FFB
_WDT_ON                           00003FFF
_XT_OSC                           00003FFD
__16F84A                          00000001
__DEBUG                           1


MEMORY USAGE MAP ('X' = Used,  '-' = Unused)

0000 : X---XXXXXXXXXXXX XXXXXXXXXXXXXXXX XXXXXXXXXXXXXXXX XXXXXXXX--------
2000 : -------X-------- ---------------- ---------------- ----------------

All other memory blocks unused.

Program Memory Words Used:    53
Program Memory Words Free:   971


Errors   :     0
Warnings :     2 reported,     0 suppressed
Messages :     4 reported,     0 suppressed

