MPLINK 4.49, Linker
Linker Map File - Created Sun Jun 11 12:04:09 2023

                                 Section Info
                  Section       Type    Address   Location Size(Bytes)
                ---------  ---------  ---------  ---------  ---------
                   .org_0       code   0x000000    program   0x000000
                   .org_1       code   0x000000    program   0x000002
                   .org_2       code   0x000004    program   0x00002c
   .config_2007_AULA037.O       code   0x002007    program   0x000002



                              Program Memory Usage 
                               Start         End      
                           ---------   ---------      
                            0x000000    0x000000      
                            0x000004    0x000019      
                            0x002007    0x002007      
            24 out of 1094 program addresses used, program memory utilization is 2%



                              Symbols - Sorted by Name
                     Name    Address   Location    Storage File                     
                ---------  ---------  ---------  --------- ---------                
                  ALTERNA   0x00000e    program     static C:\Users\ABMS-Telecom\Documents\GitHub\Cursos_uC_PIC_Linguagem_C\ALT - PIC ASSEMBLER\Arquivos ASM\Aula037\Aula037.asm
                  DEBOUCE   0x000010    program     static C:\Users\ABMS-Telecom\Documents\GitHub\Cursos_uC_PIC_Linguagem_C\ALT - PIC ASSEMBLER\Arquivos ASM\Aula037\Aula037.asm
                   INICIO   0x000005    program     static C:\Users\ABMS-Telecom\Documents\GitHub\Cursos_uC_PIC_Linguagem_C\ALT - PIC ASSEMBLER\Arquivos ASM\Aula037\Aula037.asm
                       M1   0x000012    program     static C:\Users\ABMS-Telecom\Documents\GitHub\Cursos_uC_PIC_Linguagem_C\ALT - PIC ASSEMBLER\Arquivos ASM\Aula037\Aula037.asm
                       M2   0x000014    program     static C:\Users\ABMS-Telecom\Documents\GitHub\Cursos_uC_PIC_Linguagem_C\ALT - PIC ASSEMBLER\Arquivos ASM\Aula037\Aula037.asm
                 VERIFICA   0x00000b    program     static C:\Users\ABMS-Telecom\Documents\GitHub\Cursos_uC_PIC_Linguagem_C\ALT - PIC ASSEMBLER\Arquivos ASM\Aula037\Aula037.asm



                              Symbols - Sorted by Address
                     Name    Address   Location    Storage File                     
                ---------  ---------  ---------  --------- ---------                
                   INICIO   0x000005    program     static C:\Users\ABMS-Telecom\Documents\GitHub\Cursos_uC_PIC_Linguagem_C\ALT - PIC ASSEMBLER\Arquivos ASM\Aula037\Aula037.asm
                 VERIFICA   0x00000b    program     static C:\Users\ABMS-Telecom\Documents\GitHub\Cursos_uC_PIC_Linguagem_C\ALT - PIC ASSEMBLER\Arquivos ASM\Aula037\Aula037.asm
                  ALTERNA   0x00000e    program     static C:\Users\ABMS-Telecom\Documents\GitHub\Cursos_uC_PIC_Linguagem_C\ALT - PIC ASSEMBLER\Arquivos ASM\Aula037\Aula037.asm
                  DEBOUCE   0x000010    program     static C:\Users\ABMS-Telecom\Documents\GitHub\Cursos_uC_PIC_Linguagem_C\ALT - PIC ASSEMBLER\Arquivos ASM\Aula037\Aula037.asm
                       M1   0x000012    program     static C:\Users\ABMS-Telecom\Documents\GitHub\Cursos_uC_PIC_Linguagem_C\ALT - PIC ASSEMBLER\Arquivos ASM\Aula037\Aula037.asm
                       M2   0x000014    program     static C:\Users\ABMS-Telecom\Documents\GitHub\Cursos_uC_PIC_Linguagem_C\ALT - PIC ASSEMBLER\Arquivos ASM\Aula037\Aula037.asm


