MPLINK 4.49, Linker
Linker Map File - Created Wed Jun 21 14:38:51 2023

                                 Section Info
                  Section       Type    Address   Location Size(Bytes)
                ---------  ---------  ---------  ---------  ---------
                   .org_0       code   0x000000    program   0x000000
                   .org_1       code   0x000000    program   0x000002
                   .org_2       code   0x000004    program   0x00005a
   .config_2007_AULA067.O       code   0x002007    program   0x000002



                              Program Memory Usage 
                               Start         End      
                           ---------   ---------      
                            0x000000    0x000000      
                            0x000004    0x000030      
                            0x002007    0x002007      
            47 out of 1094 program addresses used, program memory utilization is 4%



                              Symbols - Sorted by Name
                     Name    Address   Location    Storage File                     
                ---------  ---------  ---------  --------- ---------                
                DELAY_5MS   0x000023    program     static C:\Users\ABMS-Telecom\Documents\GitHub\Cursos_uC_PIC_Linguagem_C\ALT - PIC ASSEMBLER\Arquivos ASM\Aula067\Aula067.asm
                   INICIO   0x000005    program     static C:\Users\ABMS-Telecom\Documents\GitHub\Cursos_uC_PIC_Linguagem_C\ALT - PIC ASSEMBLER\Arquivos ASM\Aula067\Aula067.asm
                     LOOP   0x000009    program     static C:\Users\ABMS-Telecom\Documents\GitHub\Cursos_uC_PIC_Linguagem_C\ALT - PIC ASSEMBLER\Arquivos ASM\Aula067\Aula067.asm
                       M1   0x000027    program     static C:\Users\ABMS-Telecom\Documents\GitHub\Cursos_uC_PIC_Linguagem_C\ALT - PIC ASSEMBLER\Arquivos ASM\Aula067\Aula067.asm
                       M2   0x000025    program     static C:\Users\ABMS-Telecom\Documents\GitHub\Cursos_uC_PIC_Linguagem_C\ALT - PIC ASSEMBLER\Arquivos ASM\Aula067\Aula067.asm



                              Symbols - Sorted by Address
                     Name    Address   Location    Storage File                     
                ---------  ---------  ---------  --------- ---------                
                   INICIO   0x000005    program     static C:\Users\ABMS-Telecom\Documents\GitHub\Cursos_uC_PIC_Linguagem_C\ALT - PIC ASSEMBLER\Arquivos ASM\Aula067\Aula067.asm
                     LOOP   0x000009    program     static C:\Users\ABMS-Telecom\Documents\GitHub\Cursos_uC_PIC_Linguagem_C\ALT - PIC ASSEMBLER\Arquivos ASM\Aula067\Aula067.asm
                DELAY_5MS   0x000023    program     static C:\Users\ABMS-Telecom\Documents\GitHub\Cursos_uC_PIC_Linguagem_C\ALT - PIC ASSEMBLER\Arquivos ASM\Aula067\Aula067.asm
                       M2   0x000025    program     static C:\Users\ABMS-Telecom\Documents\GitHub\Cursos_uC_PIC_Linguagem_C\ALT - PIC ASSEMBLER\Arquivos ASM\Aula067\Aula067.asm
                       M1   0x000027    program     static C:\Users\ABMS-Telecom\Documents\GitHub\Cursos_uC_PIC_Linguagem_C\ALT - PIC ASSEMBLER\Arquivos ASM\Aula067\Aula067.asm


