MPLINK 4.49, Linker
Linker Map File - Created Mon Jun 05 19:57:26 2023

                                 Section Info
                  Section       Type    Address   Location Size(Bytes)
                ---------  ---------  ---------  ---------  ---------
                   .org_0       code   0x000000    program   0x000000
                   .org_1       code   0x000000    program   0x000002
                   .org_2       code   0x000004    program   0x000028
   .config_2007_AULA018.O       code   0x002007    program   0x000002



                              Program Memory Usage 
                               Start         End      
                           ---------   ---------      
                            0x000000    0x000000      
                            0x000004    0x000017      
                            0x002007    0x002007      
            22 out of 2182 program addresses used, program memory utilization is 1%



                              Symbols - Sorted by Name
                     Name    Address   Location    Storage File                     
                ---------  ---------  ---------  --------- ---------                
                   inicio   0x000005    program     static C:\Users\ABMS-Telecom\Documents\GitHub\Cursos_uC_PIC_Linguagem_C\WR_Kits_Curso_PIC\Arquivos ASM\Aula018\Aula018.asm
                   led1On   0x000016    program     static C:\Users\ABMS-Telecom\Documents\GitHub\Cursos_uC_PIC_Linguagem_C\WR_Kits_Curso_PIC\Arquivos ASM\Aula018\Aula018.asm
                     loop   0x000012    program     static C:\Users\ABMS-Telecom\Documents\GitHub\Cursos_uC_PIC_Linguagem_C\WR_Kits_Curso_PIC\Arquivos ASM\Aula018\Aula018.asm



                              Symbols - Sorted by Address
                     Name    Address   Location    Storage File                     
                ---------  ---------  ---------  --------- ---------                
                   inicio   0x000005    program     static C:\Users\ABMS-Telecom\Documents\GitHub\Cursos_uC_PIC_Linguagem_C\WR_Kits_Curso_PIC\Arquivos ASM\Aula018\Aula018.asm
                     loop   0x000012    program     static C:\Users\ABMS-Telecom\Documents\GitHub\Cursos_uC_PIC_Linguagem_C\WR_Kits_Curso_PIC\Arquivos ASM\Aula018\Aula018.asm
                   led1On   0x000016    program     static C:\Users\ABMS-Telecom\Documents\GitHub\Cursos_uC_PIC_Linguagem_C\WR_Kits_Curso_PIC\Arquivos ASM\Aula018\Aula018.asm


