CCS PCM C Compiler, Version 5.007, 61971               31-mai-23 13:06

               Filename:   C:\Users\ABMS-Telecom\Documents\GitHub\Cursos_uC_PIC_Linguagem_C\GV_Ensino_Curso_PIC_CCS_Compiler\aula061\main.lst

               ROM used:   147 words (2%)
                           Largest free fragment is 2048
               RAM used:   9 (2%) at main() level
                           9 (2%) worst case
               Stack used: 0 locations
               Stack size: 8

*
0000:  MOVLW  00
0001:  MOVWF  0A
0002:  GOTO   019
0003:  NOP
.................... #include <main.h> 
.................... #include <16F877A.h> 
.................... //////// Standard Header file for the PIC16F877A device //////////////// 
.................... #device PIC16F877A 
....................  
.................... #list 
....................  
.................... #device ADC=16 
....................  
.................... #FUSES NOWDT                 	//No Watch Dog Timer 
.................... #FUSES NOBROWNOUT            	//No brownout reset 
.................... #FUSES NOLVP                 	//No low voltage prgming, B3(PIC16) or B5(PIC18) used for I/O 
....................  
.................... #use delay(crystal=4MHz) 
0004:  MOVLW  23
0005:  MOVWF  04
0006:  BCF    03.7
0007:  MOVF   00,W
0008:  BTFSC  03.2
0009:  GOTO   018
000A:  MOVLW  01
000B:  MOVWF  78
000C:  CLRF   77
000D:  DECFSZ 77,F
000E:  GOTO   00D
000F:  DECFSZ 78,F
0010:  GOTO   00C
0011:  MOVLW  4A
0012:  MOVWF  77
0013:  DECFSZ 77,F
0014:  GOTO   013
0015:  GOTO   016
0016:  DECFSZ 00,F
0017:  GOTO   00A
0018:  RETURN
....................  
....................  
....................  
.................... // PWM - acionamento de um motor DC 
.................... // um botão acelera e um botão desacelera 
....................  
.................... signed long dutyPWM = 0; 
....................  
.................... void main() 
0019:  CLRF   21
001A:  CLRF   20
001B:  MOVLW  FF
001C:  MOVWF  22
001D:  BSF    03.5
001E:  BSF    1F.0
001F:  BSF    1F.1
0020:  BSF    1F.2
0021:  BCF    1F.3
0022:  MOVLW  07
0023:  MOVWF  1C
0024:  BCF    03.7
0025:  MOVLW  1F
0026:  ANDWF  03,F
.................... { 
....................    setup_timer_2(T2_DIV_BY_1,99,1);      //100 us overflow, 100 us interrupt 
0027:  MOVLW  00
0028:  MOVWF  78
0029:  IORLW  04
002A:  BCF    03.5
002B:  MOVWF  12
002C:  MOVLW  63
002D:  BSF    03.5
002E:  MOVWF  12
....................     
....................    // 99 + 1 = 100 * 4 = 400 
....................    // 100% de duty = 400 
....................     
....................    setup_ccp1(CCP_PWM); 
002F:  BCF    03.5
0030:  BCF    22.2
0031:  MOVF   22,W
0032:  BSF    03.5
0033:  MOVWF  07
0034:  BCF    03.5
0035:  BCF    07.2
0036:  MOVLW  0C
0037:  MOVWF  17
....................    set_pwm1_duty((int16)0); 
0038:  CLRF   15
0039:  MOVF   17,W
003A:  ANDLW  CF
003B:  MOVWF  17
....................  
....................    while(TRUE) 
....................    { 
....................       if(input(pin_a0) == 1) 
003C:  BSF    03.5
003D:  BSF    05.0
003E:  BCF    03.5
003F:  BTFSS  05.0
0040:  GOTO   06C
....................       { // aumenta o duty do PWM 
....................          dutyPWM += 40; 
0041:  MOVLW  28
0042:  ADDWF  20,F
0043:  BTFSC  03.0
0044:  INCF   21,F
....................          if(dutyPWM > 400) 
0045:  BTFSC  21.7
0046:  GOTO   056
0047:  MOVF   21,W
0048:  SUBLW  00
0049:  BTFSC  03.0
004A:  GOTO   056
004B:  XORLW  FF
004C:  BTFSS  03.2
004D:  GOTO   052
004E:  MOVF   20,W
004F:  SUBLW  90
0050:  BTFSC  03.0
0051:  GOTO   056
....................          { 
....................             dutyPWM = 400; 
0052:  MOVLW  01
0053:  MOVWF  21
0054:  MOVLW  90
0055:  MOVWF  20
....................          } 
....................          set_pwm1_duty((int16)dutyPWM); 
0056:  MOVF   21,W
0057:  MOVWF  79
0058:  MOVF   20,W
0059:  MOVWF  78
005A:  RRF    79,F
005B:  RRF    78,F
005C:  RRF    79,F
005D:  RRF    78,F
005E:  RRF    79,F
005F:  MOVF   78,W
0060:  MOVWF  15
0061:  RRF    79,F
0062:  RRF    79,W
0063:  ANDLW  30
0064:  MOVWF  77
0065:  MOVF   17,W
0066:  ANDLW  CF
0067:  IORWF  77,W
0068:  MOVWF  17
....................          delay_ms(200); 
0069:  MOVLW  C8
006A:  MOVWF  23
006B:  CALL   004
....................       } 
....................       if(input(pin_a1) == 1) 
006C:  BSF    03.5
006D:  BSF    05.1
006E:  BCF    03.5
006F:  BTFSS  05.1
0070:  GOTO   091
....................       { // diminui o duty do PWM 
....................          dutyPWM -= 40; 
0071:  MOVLW  28
0072:  SUBWF  20,F
0073:  MOVLW  00
0074:  BTFSS  03.0
0075:  MOVLW  01
0076:  SUBWF  21,F
....................          if(dutyPWM < 0) 
0077:  BTFSS  21.7
0078:  GOTO   07B
....................          { 
....................             dutyPWM = 0; 
0079:  CLRF   21
007A:  CLRF   20
....................          } 
....................          set_pwm1_duty((int16)dutyPWM); 
007B:  MOVF   21,W
007C:  MOVWF  79
007D:  MOVF   20,W
007E:  MOVWF  78
007F:  RRF    79,F
0080:  RRF    78,F
0081:  RRF    79,F
0082:  RRF    78,F
0083:  RRF    79,F
0084:  MOVF   78,W
0085:  MOVWF  15
0086:  RRF    79,F
0087:  RRF    79,W
0088:  ANDLW  30
0089:  MOVWF  77
008A:  MOVF   17,W
008B:  ANDLW  CF
008C:  IORWF  77,W
008D:  MOVWF  17
....................          delay_ms(200); 
008E:  MOVLW  C8
008F:  MOVWF  23
0090:  CALL   004
....................       } 
0091:  GOTO   03C
....................    } 
....................  
.................... } 
0092:  SLEEP

Configuration Fuses:
   Word  1: 3F31   XT NOWDT PUT NOBROWNOUT NOLVP NOCPD NOWRT NODEBUG NOPROTECT
