MPLINK 4.49, Linker
Linker Map File - Created Sun Jun 11 11:01:22 2023

                                 Section Info
                  Section       Type    Address   Location Size(Bytes)
                ---------  ---------  ---------  ---------  ---------
                   .org_0       code   0x000000    program   0x000000
                   .org_1       code   0x000000    program   0x000002
                   .org_2       code   0x000004    program   0x000018
   .config_2007_AULA035.O       code   0x002007    program   0x000002



                              Program Memory Usage 
                               Start         End      
                           ---------   ---------      
                            0x000000    0x000000      
                            0x000004    0x00000f      
                            0x002007    0x002007      
            14 out of 1094 program addresses used, program memory utilization is 1%



                              Symbols - Sorted by Name
                     Name    Address   Location    Storage File                     
                ---------  ---------  ---------  --------- ---------                
                   APAGAR   0x00000e    program     static C:\Users\ABMS-Telecom\Documents\GitHub\Cursos_uC_PIC_Linguagem_C\ALT - PIC ASSEMBLER\Arquivos ASM\Aula035\Aula035.asm
                   INICIO   0x000005    program     static C:\Users\ABMS-Telecom\Documents\GitHub\Cursos_uC_PIC_Linguagem_C\ALT - PIC ASSEMBLER\Arquivos ASM\Aula035\Aula035.asm
                 VERIFICA   0x00000a    program     static C:\Users\ABMS-Telecom\Documents\GitHub\Cursos_uC_PIC_Linguagem_C\ALT - PIC ASSEMBLER\Arquivos ASM\Aula035\Aula035.asm



                              Symbols - Sorted by Address
                     Name    Address   Location    Storage File                     
                ---------  ---------  ---------  --------- ---------                
                   INICIO   0x000005    program     static C:\Users\ABMS-Telecom\Documents\GitHub\Cursos_uC_PIC_Linguagem_C\ALT - PIC ASSEMBLER\Arquivos ASM\Aula035\Aula035.asm
                 VERIFICA   0x00000a    program     static C:\Users\ABMS-Telecom\Documents\GitHub\Cursos_uC_PIC_Linguagem_C\ALT - PIC ASSEMBLER\Arquivos ASM\Aula035\Aula035.asm
                   APAGAR   0x00000e    program     static C:\Users\ABMS-Telecom\Documents\GitHub\Cursos_uC_PIC_Linguagem_C\ALT - PIC ASSEMBLER\Arquivos ASM\Aula035\Aula035.asm


