MPLINK 4.49, Linker
Linker Map File - Created Mon Jun 12 16:57:24 2023

                                 Section Info
                  Section       Type    Address   Location Size(Bytes)
                ---------  ---------  ---------  ---------  ---------
                   .org_0       code   0x000000    program   0x000000
                   .org_1       code   0x000000    program   0x000002
                   .org_2       code   0x000004    program   0x000056
   .config_2007_AULA045.O       code   0x002007    program   0x000002



                              Program Memory Usage 
                               Start         End      
                           ---------   ---------      
                            0x000000    0x000000      
                            0x000004    0x00002e      
                            0x002007    0x002007      
            45 out of 1094 program addresses used, program memory utilization is 4%



                              Symbols - Sorted by Name
                     Name    Address   Location    Storage File                     
                ---------  ---------  ---------  --------- ---------                
                    DELAY   0x000021    program     static C:\Users\ABMS-Telecom\Documents\GitHub\Cursos_uC_PIC_Linguagem_C\ALT - PIC ASSEMBLER\Arquivos ASM\Aula045\Aula045.asm
                   INICIO   0x00000d    program     static C:\Users\ABMS-Telecom\Documents\GitHub\Cursos_uC_PIC_Linguagem_C\ALT - PIC ASSEMBLER\Arquivos ASM\Aula045\Aula045.asm
                       L1   0x000017    program     static C:\Users\ABMS-Telecom\Documents\GitHub\Cursos_uC_PIC_Linguagem_C\ALT - PIC ASSEMBLER\Arquivos ASM\Aula045\Aula045.asm
                       L2   0x00001c    program     static C:\Users\ABMS-Telecom\Documents\GitHub\Cursos_uC_PIC_Linguagem_C\ALT - PIC ASSEMBLER\Arquivos ASM\Aula045\Aula045.asm
                       M1   0x000025    program     static C:\Users\ABMS-Telecom\Documents\GitHub\Cursos_uC_PIC_Linguagem_C\ALT - PIC ASSEMBLER\Arquivos ASM\Aula045\Aula045.asm
                       M2   0x000023    program     static C:\Users\ABMS-Telecom\Documents\GitHub\Cursos_uC_PIC_Linguagem_C\ALT - PIC ASSEMBLER\Arquivos ASM\Aula045\Aula045.asm



                              Symbols - Sorted by Address
                     Name    Address   Location    Storage File                     
                ---------  ---------  ---------  --------- ---------                
                   INICIO   0x00000d    program     static C:\Users\ABMS-Telecom\Documents\GitHub\Cursos_uC_PIC_Linguagem_C\ALT - PIC ASSEMBLER\Arquivos ASM\Aula045\Aula045.asm
                       L1   0x000017    program     static C:\Users\ABMS-Telecom\Documents\GitHub\Cursos_uC_PIC_Linguagem_C\ALT - PIC ASSEMBLER\Arquivos ASM\Aula045\Aula045.asm
                       L2   0x00001c    program     static C:\Users\ABMS-Telecom\Documents\GitHub\Cursos_uC_PIC_Linguagem_C\ALT - PIC ASSEMBLER\Arquivos ASM\Aula045\Aula045.asm
                    DELAY   0x000021    program     static C:\Users\ABMS-Telecom\Documents\GitHub\Cursos_uC_PIC_Linguagem_C\ALT - PIC ASSEMBLER\Arquivos ASM\Aula045\Aula045.asm
                       M2   0x000023    program     static C:\Users\ABMS-Telecom\Documents\GitHub\Cursos_uC_PIC_Linguagem_C\ALT - PIC ASSEMBLER\Arquivos ASM\Aula045\Aula045.asm
                       M1   0x000025    program     static C:\Users\ABMS-Telecom\Documents\GitHub\Cursos_uC_PIC_Linguagem_C\ALT - PIC ASSEMBLER\Arquivos ASM\Aula045\Aula045.asm


