MPLINK 4.49, Linker
Linker Map File - Created Mon Jun 05 10:52:26 2023

                                 Section Info
                  Section       Type    Address   Location Size(Bytes)
                ---------  ---------  ---------  ---------  ---------
                   .org_0       code   0x000000    program   0x000000
                   .org_1       code   0x000000    program   0x000002
                   .org_2       code   0x000004    program   0x00003e
   .config_2007_AULA010.O       code   0x002007    program   0x000002



                              Program Memory Usage 
                               Start         End      
                           ---------   ---------      
                            0x000000    0x000000      
                            0x000004    0x000022      
                            0x002007    0x002007      
            33 out of 1094 program addresses used, program memory utilization is 3%



                              Symbols - Sorted by Name
                     Name    Address   Location    Storage File                     
                ---------  ---------  ---------  --------- ---------                
                     aux1   0x000016    program     static C:\Users\ABMS-Telecom\Documents\GitHub\Cursos_uC_PIC_Linguagem_C\WR_Kits_Curso_PIC\Arquivos ASM\Aula010\Aula010.asm
                     aux2   0x000018    program     static C:\Users\ABMS-Telecom\Documents\GitHub\Cursos_uC_PIC_Linguagem_C\WR_Kits_Curso_PIC\Arquivos ASM\Aula010\Aula010.asm
              delay_500ms   0x000014    program     static C:\Users\ABMS-Telecom\Documents\GitHub\Cursos_uC_PIC_Linguagem_C\WR_Kits_Curso_PIC\Arquivos ASM\Aula010\Aula010.asm
                   inicio   0x000005    program     static C:\Users\ABMS-Telecom\Documents\GitHub\Cursos_uC_PIC_Linguagem_C\WR_Kits_Curso_PIC\Arquivos ASM\Aula010\Aula010.asm
                     loop   0x00000d    program     static C:\Users\ABMS-Telecom\Documents\GitHub\Cursos_uC_PIC_Linguagem_C\WR_Kits_Curso_PIC\Arquivos ASM\Aula010\Aula010.asm



                              Symbols - Sorted by Address
                     Name    Address   Location    Storage File                     
                ---------  ---------  ---------  --------- ---------                
                   inicio   0x000005    program     static C:\Users\ABMS-Telecom\Documents\GitHub\Cursos_uC_PIC_Linguagem_C\WR_Kits_Curso_PIC\Arquivos ASM\Aula010\Aula010.asm
                     loop   0x00000d    program     static C:\Users\ABMS-Telecom\Documents\GitHub\Cursos_uC_PIC_Linguagem_C\WR_Kits_Curso_PIC\Arquivos ASM\Aula010\Aula010.asm
              delay_500ms   0x000014    program     static C:\Users\ABMS-Telecom\Documents\GitHub\Cursos_uC_PIC_Linguagem_C\WR_Kits_Curso_PIC\Arquivos ASM\Aula010\Aula010.asm
                     aux1   0x000016    program     static C:\Users\ABMS-Telecom\Documents\GitHub\Cursos_uC_PIC_Linguagem_C\WR_Kits_Curso_PIC\Arquivos ASM\Aula010\Aula010.asm
                     aux2   0x000018    program     static C:\Users\ABMS-Telecom\Documents\GitHub\Cursos_uC_PIC_Linguagem_C\WR_Kits_Curso_PIC\Arquivos ASM\Aula010\Aula010.asm


