MPLINK 4.49, Linker
Linker Map File - Created Wed Jun 21 20:00:41 2023

                                 Section Info
                  Section       Type    Address   Location Size(Bytes)
                ---------  ---------  ---------  ---------  ---------
                   .org_0       code   0x000000    program   0x000000
                   .org_1       code   0x000000    program   0x000002
                   .org_2       code   0x000004    program   0x000076
   .config_2007_AULA070.O       code   0x002007    program   0x000002



                              Program Memory Usage 
                               Start         End      
                           ---------   ---------      
                            0x000000    0x000000      
                            0x000004    0x00003e      
                            0x002007    0x002007      
            61 out of 1094 program addresses used, program memory utilization is 5%



                              Symbols - Sorted by Name
                     Name    Address   Location    Storage File                     
                ---------  ---------  ---------  --------- ---------                
              DELAY_500MS   0x000031    program     static C:\Users\ABMS-Telecom\Documents\GitHub\Cursos_uC_PIC_Linguagem_C\ALT - PIC ASSEMBLER\Arquivos ASM\Aula070\Aula070.asm
                   INICIO   0x000011    program     static C:\Users\ABMS-Telecom\Documents\GitHub\Cursos_uC_PIC_Linguagem_C\ALT - PIC ASSEMBLER\Arquivos ASM\Aula070\Aula070.asm
                     LOOP   0x00001b    program     static C:\Users\ABMS-Telecom\Documents\GitHub\Cursos_uC_PIC_Linguagem_C\ALT - PIC ASSEMBLER\Arquivos ASM\Aula070\Aula070.asm
                       M1   0x000035    program     static C:\Users\ABMS-Telecom\Documents\GitHub\Cursos_uC_PIC_Linguagem_C\ALT - PIC ASSEMBLER\Arquivos ASM\Aula070\Aula070.asm
                       M2   0x000033    program     static C:\Users\ABMS-Telecom\Documents\GitHub\Cursos_uC_PIC_Linguagem_C\ALT - PIC ASSEMBLER\Arquivos ASM\Aula070\Aula070.asm



                              Symbols - Sorted by Address
                     Name    Address   Location    Storage File                     
                ---------  ---------  ---------  --------- ---------                
                   INICIO   0x000011    program     static C:\Users\ABMS-Telecom\Documents\GitHub\Cursos_uC_PIC_Linguagem_C\ALT - PIC ASSEMBLER\Arquivos ASM\Aula070\Aula070.asm
                     LOOP   0x00001b    program     static C:\Users\ABMS-Telecom\Documents\GitHub\Cursos_uC_PIC_Linguagem_C\ALT - PIC ASSEMBLER\Arquivos ASM\Aula070\Aula070.asm
              DELAY_500MS   0x000031    program     static C:\Users\ABMS-Telecom\Documents\GitHub\Cursos_uC_PIC_Linguagem_C\ALT - PIC ASSEMBLER\Arquivos ASM\Aula070\Aula070.asm
                       M2   0x000033    program     static C:\Users\ABMS-Telecom\Documents\GitHub\Cursos_uC_PIC_Linguagem_C\ALT - PIC ASSEMBLER\Arquivos ASM\Aula070\Aula070.asm
                       M1   0x000035    program     static C:\Users\ABMS-Telecom\Documents\GitHub\Cursos_uC_PIC_Linguagem_C\ALT - PIC ASSEMBLER\Arquivos ASM\Aula070\Aula070.asm


