CCS PCM C Compiler, Version 5.007, 61971               05-jan-23 10:57

               Filename:   C:\Users\ABMS-Telecom\Documents\CCS C Projects\aula037\main.lst

               ROM used:   422 words (21%)
                           Largest free fragment is 1626
               RAM used:   14 (6%) at main() level
                           24 (11%) worst case
               Stack used: 0 locations
               Stack size: 8

*
0000:  MOVLW  01
0001:  MOVWF  0A
0002:  GOTO   145
0003:  NOP
.................... #include <main.h> 
.................... #include <16F628A.h> 
.................... //////// Standard Header file for the PIC16F628A device //////////////// 
.................... #device PIC16F628A 
0004:  BCF    0A.0
0005:  BCF    0A.1
0006:  BCF    0A.2
0007:  ADDWF  02,F
0008:  RETLW  28
0009:  RETLW  0C
000A:  RETLW  01
000B:  RETLW  06
000C:  BCF    0A.0
000D:  BCF    0A.1
000E:  BCF    0A.2
000F:  ADDWF  02,F
0010:  RETLW  20
0011:  RETLW  20
0012:  RETLW  20
0013:  RETLW  20
0014:  RETLW  41
0015:  RETLW  42
0016:  RETLW  4D
0017:  RETLW  53
0018:  RETLW  20
0019:  RETLW  54
001A:  RETLW  65
001B:  RETLW  6C
001C:  RETLW  65
001D:  RETLW  63
001E:  RETLW  6F
001F:  RETLW  6D
0020:  RETLW  00
0021:  BCF    0A.0
0022:  BCF    0A.1
0023:  BCF    0A.2
0024:  ADDWF  02,F
0025:  RETLW  20
0026:  RETLW  20
0027:  RETLW  20
0028:  RETLW  20
0029:  RETLW  20
002A:  RETLW  42
002B:  RETLW  65
002C:  RETLW  6D
002D:  RETLW  20
002E:  RETLW  76
002F:  RETLW  69
0030:  RETLW  6E
0031:  RETLW  64
0032:  RETLW  6F
0033:  RETLW  21
0034:  RETLW  00
0035:  BCF    0A.0
0036:  BCF    0A.1
0037:  BCF    0A.2
0038:  ADDWF  02,F
0039:  RETLW  20
003A:  RETLW  20
003B:  RETLW  20
003C:  RETLW  20
003D:  RETLW  20
003E:  RETLW  20
003F:  RETLW  25
0040:  RETLW  63
0041:  RETLW  20
0042:  RETLW  76
0043:  RETLW  6F
0044:  RETLW  63
0045:  RETLW  65
0046:  RETLW  21
0047:  RETLW  00
....................  
.................... #list 
....................  
....................  
.................... #FUSES NOWDT                 	//No Watch Dog Timer 
.................... #FUSES NOMCLR                	//Master Clear pin used for I/O 
.................... #FUSES NOBROWNOUT            	//No brownout reset 
.................... #FUSES NOLVP                 	//No low voltage prgming, B3(PIC16) or B5(PIC18) used for I/O 
....................  
.................... #use delay(crystal=4MHz) 
0048:  MOVLW  2A
0049:  MOVWF  04
004A:  BCF    03.7
004B:  MOVF   00,W
004C:  BTFSC  03.2
004D:  GOTO   05C
004E:  MOVLW  01
004F:  MOVWF  78
0050:  CLRF   77
0051:  DECFSZ 77,F
0052:  GOTO   051
0053:  DECFSZ 78,F
0054:  GOTO   050
0055:  MOVLW  4A
0056:  MOVWF  77
0057:  DECFSZ 77,F
0058:  GOTO   057
0059:  GOTO   05A
005A:  DECFSZ 00,F
005B:  GOTO   04E
005C:  RETURN
....................  
....................  
....................  
.................... #include <lcd.c> 
.................... /////////////////////////////////////////////////////////////////////////////// 
.................... ////                             LCD.C                                     //// 
.................... ////                 Driver for common LCD modules                         //// 
.................... ////                                                                       //// 
.................... ////  lcd_init()   Must be called before any other function.               //// 
.................... ////                                                                       //// 
.................... ////  lcd_putc(c)  Will display c on the next position of the LCD.         //// 
.................... ////                 \a  Set cursor position to upper left                 //// 
.................... ////                 \f  Clear display, set cursor to upper left           //// 
.................... ////                 \n  Go to start of second line                        //// 
.................... ////                 \b  Move back one position                            //// 
.................... ////              If LCD_EXTENDED_NEWLINE is defined, the \n character     //// 
.................... ////              will erase all remanining characters on the current      //// 
.................... ////              line, and move the cursor to the beginning of the next   //// 
.................... ////              line.                                                    //// 
.................... ////              If LCD_EXTENDED_NEWLINE is defined, the \r character     //// 
.................... ////              will move the cursor to the start of the current         //// 
.................... ////              line.                                                    //// 
.................... ////                                                                       //// 
.................... ////  lcd_gotoxy(x,y) Set write position on LCD (upper left is 1,1)        //// 
.................... ////                                                                       //// 
.................... ////  lcd_getc(x,y)   Returns character at position x,y on LCD             //// 
.................... ////                                                                       //// 
.................... ////  lcd_cursor_on(int1 on)   Turn the cursor on (on=TRUE) or off         //// 
.................... ////              (on=FALSE).                                              //// 
.................... ////                                                                       //// 
.................... ////  lcd_set_cgram_char(w, *p)   Write a custom character to the CGRAM.   //// 
.................... ////                                                                       //// 
.................... ////                                                                       //// 
.................... ////  CONFIGURATION                                                        //// 
.................... ////  The LCD can be configured in one of two ways: a.) port access or     //// 
.................... ////  b.) pin access.  Port access requires the entire 7 bit interface     //// 
.................... ////  connected to one GPIO port, and the data bits (D4:D7 of the LCD)     //// 
.................... ////  connected to sequential pins on the GPIO.  Pin access                //// 
.................... ////  has no requirements, all 7 bits of the control interface can         //// 
.................... ////  can be connected to any GPIO using several ports.                    //// 
.................... ////                                                                       //// 
.................... ////  To use port access, #define LCD_DATA_PORT to the SFR location of     //// 
.................... ////  of the GPIO port that holds the interface, -AND- edit LCD_PIN_MAP    //// 
.................... ////  of this file to configure the pin order.  If you are using a         //// 
.................... ////  baseline PIC (PCB), then LCD_OUTPUT_MAP and LCD_INPUT_MAP also must  //// 
.................... ////  be defined.                                                          //// 
.................... ////                                                                       //// 
.................... ////  Example of port access:                                              //// 
.................... ////     #define LCD_DATA_PORT getenv("SFR:PORTD")                         //// 
.................... ////                                                                       //// 
.................... ////  To use pin access, the following pins must be defined:               //// 
.................... ////     LCD_ENABLE_PIN                                                    //// 
.................... ////     LCD_RS_PIN                                                        //// 
.................... ////     LCD_RW_PIN                                                        //// 
.................... ////     LCD_DATA4                                                         //// 
.................... ////     LCD_DATA5                                                         //// 
.................... ////     LCD_DATA6                                                         //// 
.................... ////     LCD_DATA7                                                         //// 
.................... ////                                                                       //// 
.................... ////  Example of pin access:                                               //// 
.................... ////     #define LCD_ENABLE_PIN  PIN_E0                                    //// 
.................... ////     #define LCD_RS_PIN      PIN_E1                                    //// 
.................... ////     #define LCD_RW_PIN      PIN_E2                                    //// 
.................... ////     #define LCD_DATA4       PIN_D4                                    //// 
.................... ////     #define LCD_DATA5       PIN_D5                                    //// 
.................... ////     #define LCD_DATA6       PIN_D6                                    //// 
.................... ////     #define LCD_DATA7       PIN_D7                                    //// 
.................... ////                                                                       //// 
.................... /////////////////////////////////////////////////////////////////////////////// 
.................... ////        (C) Copyright 1996,2010 Custom Computer Services           //// 
.................... //// This source code may only be used by licensed users of the CCS C  //// 
.................... //// compiler.  This source code may only be distributed to other      //// 
.................... //// licensed users of the CCS C compiler.  No other use, reproduction //// 
.................... //// or distribution is permitted without written permission.          //// 
.................... //// Derivative programs created using this software in object code    //// 
.................... //// form are not restricted in any way.                               //// 
.................... /////////////////////////////////////////////////////////////////////////// 
....................  
.................... #ifndef __LCD_C__ 
.................... #define __LCD_C__ 
....................  
.................... // define the pinout. 
.................... // only required if port access is being used. 
.................... typedef struct   
.................... {                            // This structure is overlayed 
....................    int1 enable;           // on to an I/O port to gain 
....................    int1 rs;               // access to the LCD pins. 
....................    int1 rw;               // The bits are allocated from 
....................    int1 unused;           // low order up.  ENABLE will 
....................    unsigned int     data : 4;         // be LSB pin of that port. 
....................   #if defined(__PCD__)       // The port used will be LCD_DATA_PORT. 
....................    unsigned int    reserved: 8; 
....................   #endif 
.................... } LCD_PIN_MAP; 
....................  
.................... // this is to improve compatability with previous LCD drivers that accepted 
.................... // a define labeled 'use_portb_lcd' that configured the LCD onto port B. 
.................... #if ((defined(use_portb_lcd)) && (use_portb_lcd==TRUE)) 
....................  #define LCD_DATA_PORT getenv("SFR:PORTB") 
.................... #endif 
....................  
.................... #if defined(__PCB__) 
....................    // these definitions only need to be modified for baseline PICs. 
....................    // all other PICs use LCD_PIN_MAP or individual LCD_xxx pin definitions. 
.................... /*                                    EN, RS,   RW,   UNUSED,  DATA  */ 
....................  const LCD_PIN_MAP LCD_OUTPUT_MAP =  {0,  0,    0,    0,       0}; 
....................  const LCD_PIN_MAP LCD_INPUT_MAP =   {0,  0,    0,    0,       0xF}; 
.................... #endif 
....................  
.................... ////////////////////// END CONFIGURATION /////////////////////////////////// 
....................  
.................... #ifndef LCD_ENABLE_PIN 
....................    #define lcd_output_enable(x) lcdlat.enable=x 
....................    #define lcd_enable_tris()   lcdtris.enable=0 
.................... #else 
....................    #define lcd_output_enable(x) output_bit(LCD_ENABLE_PIN, x) 
....................    #define lcd_enable_tris()  output_drive(LCD_ENABLE_PIN) 
.................... #endif 
....................  
.................... #ifndef LCD_RS_PIN 
....................    #define lcd_output_rs(x) lcdlat.rs=x 
....................    #define lcd_rs_tris()   lcdtris.rs=0 
.................... #else 
....................    #define lcd_output_rs(x) output_bit(LCD_RS_PIN, x) 
....................    #define lcd_rs_tris()  output_drive(LCD_RS_PIN) 
.................... #endif 
....................  
.................... #ifndef LCD_RW_PIN 
....................    #define lcd_output_rw(x) lcdlat.rw=x 
....................    #define lcd_rw_tris()   lcdtris.rw=0 
.................... #else 
....................    #define lcd_output_rw(x) output_bit(LCD_RW_PIN, x) 
....................    #define lcd_rw_tris()  output_drive(LCD_RW_PIN) 
.................... #endif 
....................  
.................... // original version of this library incorrectly labeled LCD_DATA0 as LCD_DATA4, 
.................... // LCD_DATA1 as LCD_DATA5, and so on.  this block of code makes the driver 
.................... // compatible with any code written for the original library 
.................... #if (defined(LCD_DATA0) && defined(LCD_DATA1) && defined(LCD_DATA2) && defined(LCD_DATA3) && !defined(LCD_DATA4) && !defined(LCD_DATA5) && !defined(LCD_DATA6) && !defined(LCD_DATA7)) 
....................    #define  LCD_DATA4    LCD_DATA0 
....................    #define  LCD_DATA5    LCD_DATA1 
....................    #define  LCD_DATA6    LCD_DATA2 
....................    #define  LCD_DATA7    LCD_DATA3 
.................... #endif 
....................  
.................... #ifndef LCD_DATA4 
.................... #ifndef LCD_DATA_PORT 
....................    #if defined(__PCB__) 
....................       #define LCD_DATA_PORT      0x06     //portb 
....................       #define set_tris_lcd(x)   set_tris_b(x) 
....................    #else 
....................      #if defined(PIN_D0) 
....................       #define LCD_DATA_PORT      getenv("SFR:PORTD")     //portd 
....................      #else 
....................       #define LCD_DATA_PORT      getenv("SFR:PORTB")     //portb 
....................      #endif 
....................    #endif    
.................... #endif 
....................  
.................... #if defined(__PCB__) 
....................    LCD_PIN_MAP lcd, lcdlat; 
....................    #byte lcd = LCD_DATA_PORT 
....................    #byte lcdlat = LCD_DATA_PORT 
.................... #elif defined(__PCM__) 
....................    LCD_PIN_MAP lcd, lcdlat, lcdtris; 
....................    #byte lcd = LCD_DATA_PORT 
....................    #byte lcdlat = LCD_DATA_PORT 
....................    #byte lcdtris = LCD_DATA_PORT+0x80 
.................... #elif defined(__PCH__) 
....................    LCD_PIN_MAP lcd, lcdlat, lcdtris; 
....................    #byte lcd = LCD_DATA_PORT 
....................    #byte lcdlat = LCD_DATA_PORT+9 
....................    #byte lcdtris = LCD_DATA_PORT+0x12 
.................... #elif defined(__PCD__) 
....................    LCD_PIN_MAP lcd, lcdlat, lcdtris; 
....................    #word lcd = LCD_DATA_PORT 
....................    #word lcdlat = LCD_DATA_PORT+2 
....................    #word lcdtris = LCD_DATA_PORT-0x02 
.................... #endif 
.................... #endif   //LCD_DATA4 not defined 
....................  
.................... #ifndef LCD_TYPE 
....................    #define LCD_TYPE 2           // 0=5x7, 1=5x10, 2=2 lines 
.................... #endif 
....................  
.................... #ifndef LCD_LINE_TWO 
....................    #define LCD_LINE_TWO 0x40    // LCD RAM address for the second line 
.................... #endif 
....................  
.................... #ifndef LCD_LINE_LENGTH 
....................    #define LCD_LINE_LENGTH 20 
.................... #endif 
....................  
.................... unsigned int8 const LCD_INIT_STRING[4] = {0x20 | (LCD_TYPE << 2), 0xc, 1, 6}; 
....................                              // These bytes need to be sent to the LCD 
....................                              // to start it up. 
....................  
.................... unsigned int8 lcd_read_nibble(void); 
....................  
.................... unsigned int8 lcd_read_byte(void) 
.................... { 
....................    unsigned int8 low,high; 
....................  
....................  #if defined(__PCB__) 
....................    set_tris_lcd(LCD_INPUT_MAP); 
....................  #else 
....................   #if (defined(LCD_DATA4) && defined(LCD_DATA5) && defined(LCD_DATA6) && defined(LCD_DATA7)) 
....................    output_float(LCD_DATA4); 
....................    output_float(LCD_DATA5); 
....................    output_float(LCD_DATA6); 
....................    output_float(LCD_DATA7); 
....................   #else 
....................    lcdtris.data = 0xF; 
*
0075:  MOVLW  0F
0076:  BSF    03.5
0077:  ANDWF  06,W
0078:  IORLW  F0
0079:  MOVWF  06
....................   #endif 
....................  #endif 
....................          
....................    lcd_output_rw(1); 
007A:  BCF    03.5
007B:  BSF    06.2
....................    delay_cycles(1); 
007C:  NOP
....................    lcd_output_enable(1); 
007D:  BSF    06.0
....................    delay_cycles(1); 
007E:  NOP
....................    high = lcd_read_nibble(); 
007F:  CALL   069
0080:  MOVF   78,W
0081:  MOVWF  31
....................        
....................    lcd_output_enable(0); 
0082:  BCF    06.0
....................    delay_cycles(1); 
0083:  NOP
....................    lcd_output_enable(1); 
0084:  BSF    06.0
....................    delay_us(1); 
0085:  NOP
....................    low = lcd_read_nibble(); 
0086:  CALL   069
0087:  MOVF   78,W
0088:  MOVWF  30
....................        
....................    lcd_output_enable(0); 
0089:  BCF    06.0
....................  
....................  #if defined(__PCB__) 
....................    set_tris_lcd(LCD_OUTPUT_MAP); 
....................  #else 
....................   #if (defined(LCD_DATA4) && defined(LCD_DATA5) && defined(LCD_DATA6) && defined(LCD_DATA7)) 
....................    output_drive(LCD_DATA4); 
....................    output_drive(LCD_DATA5); 
....................    output_drive(LCD_DATA6); 
....................    output_drive(LCD_DATA7); 
....................   #else 
....................    lcdtris.data = 0x0; 
008A:  MOVLW  0F
008B:  BSF    03.5
008C:  ANDWF  06,W
008D:  MOVWF  06
....................   #endif 
....................  #endif 
....................  
....................    return( (high<<4) | low); 
008E:  BCF    03.5
008F:  SWAPF  31,W
0090:  MOVWF  77
0091:  MOVLW  F0
0092:  ANDWF  77,F
0093:  MOVF   77,W
0094:  IORWF  30,W
0095:  MOVWF  78
.................... } 
....................  
.................... unsigned int8 lcd_read_nibble(void) 
.................... { 
....................   #if (defined(LCD_DATA4) && defined(LCD_DATA5) && defined(LCD_DATA6) && defined(LCD_DATA7)) 
....................    unsigned int8 n = 0x00; 
....................  
....................    /* Read the data port */ 
....................    n |= input(LCD_DATA4); 
....................    n |= input(LCD_DATA5) << 1; 
....................    n |= input(LCD_DATA6) << 2; 
....................    n |= input(LCD_DATA7) << 3; 
....................     
....................    return(n); 
....................   #else 
....................    return(lcd.data); 
*
0069:  MOVF   06,W
006A:  MOVWF  77
006B:  SWAPF  06,W
006C:  ANDLW  0F
006D:  MOVWF  78
....................   #endif 
006E:  RETURN
.................... } 
....................  
.................... void lcd_send_nibble(unsigned int8 n) 
.................... { 
....................   #if (defined(LCD_DATA4) && defined(LCD_DATA5) && defined(LCD_DATA6) && defined(LCD_DATA7)) 
....................    /* Write to the data port */ 
....................    output_bit(LCD_DATA4, bit_test(n, 0)); 
....................    output_bit(LCD_DATA5, bit_test(n, 1)); 
....................    output_bit(LCD_DATA6, bit_test(n, 2)); 
....................    output_bit(LCD_DATA7, bit_test(n, 3)); 
....................   #else       
....................    lcdlat.data = n; 
*
005D:  SWAPF  31,W
005E:  ANDLW  F0
005F:  MOVWF  77
0060:  MOVLW  0F
0061:  ANDWF  06,W
0062:  IORWF  77,W
0063:  MOVWF  06
....................   #endif 
....................        
....................    delay_cycles(1); 
0064:  NOP
....................    lcd_output_enable(1); 
0065:  BSF    06.0
....................    delay_us(2); 
0066:  GOTO   067
....................    lcd_output_enable(0); 
0067:  BCF    06.0
0068:  RETURN
.................... } 
....................  
.................... void lcd_send_byte(unsigned int8 address, unsigned int8 n) 
.................... { 
....................   #if defined(__PCB__) 
....................    set_tris_lcd(LCD_OUTPUT_MAP); 
....................   #else 
....................    lcd_enable_tris(); 
*
006F:  BSF    03.5
0070:  BCF    06.0
....................    lcd_rs_tris(); 
0071:  BCF    06.1
....................    lcd_rw_tris(); 
0072:  BCF    06.2
....................   #endif 
....................  
....................    lcd_output_rs(0); 
0073:  BCF    03.5
0074:  BCF    06.1
....................    while ( bit_test(lcd_read_byte(),7) ) ; 
*
0096:  MOVF   78,W
0097:  MOVWF  30
0098:  BTFSC  30.7
0099:  GOTO   075
....................    lcd_output_rs(address); 
009A:  BTFSS  2E.0
009B:  BCF    06.1
009C:  BTFSC  2E.0
009D:  BSF    06.1
....................    delay_cycles(1); 
009E:  NOP
....................    lcd_output_rw(0); 
009F:  BCF    06.2
....................    delay_cycles(1); 
00A0:  NOP
....................    lcd_output_enable(0); 
00A1:  BCF    06.0
....................    lcd_send_nibble(n >> 4); 
00A2:  SWAPF  2F,W
00A3:  MOVWF  30
00A4:  MOVLW  0F
00A5:  ANDWF  30,F
00A6:  MOVF   30,W
00A7:  MOVWF  31
00A8:  CALL   05D
....................    lcd_send_nibble(n & 0xf); 
00A9:  MOVF   2F,W
00AA:  ANDLW  0F
00AB:  MOVWF  30
00AC:  MOVWF  31
00AD:  CALL   05D
00AE:  RETURN
.................... } 
....................  
.................... #if defined(LCD_EXTENDED_NEWLINE) 
.................... unsigned int8 g_LcdX, g_LcdY; 
.................... #endif 
....................  
.................... void lcd_init(void)  
.................... { 
....................    unsigned int8 i; 
....................  
....................  #if defined(__PCB__) 
....................    set_tris_lcd(LCD_OUTPUT_MAP); 
....................  #else 
....................   #if (defined(LCD_DATA4) && defined(LCD_DATA5) && defined(LCD_DATA6) && defined(LCD_DATA7)) 
....................    output_drive(LCD_DATA4); 
....................    output_drive(LCD_DATA5); 
....................    output_drive(LCD_DATA6); 
....................    output_drive(LCD_DATA7); 
....................   #else 
....................    lcdtris.data = 0x0; 
00AF:  MOVLW  0F
00B0:  BSF    03.5
00B1:  ANDWF  06,W
00B2:  MOVWF  06
....................   #endif 
....................    lcd_enable_tris(); 
00B3:  BCF    06.0
....................    lcd_rs_tris(); 
00B4:  BCF    06.1
....................    lcd_rw_tris(); 
00B5:  BCF    06.2
....................  #endif 
....................  
....................    lcd_output_rs(0); 
00B6:  BCF    03.5
00B7:  BCF    06.1
....................    lcd_output_rw(0); 
00B8:  BCF    06.2
....................    lcd_output_enable(0); 
00B9:  BCF    06.0
....................      
....................    delay_ms(15); 
00BA:  MOVLW  0F
00BB:  MOVWF  2A
00BC:  CALL   048
....................    for(i=1;i<=3;++i) 
00BD:  MOVLW  01
00BE:  MOVWF  28
00BF:  MOVF   28,W
00C0:  SUBLW  03
00C1:  BTFSS  03.0
00C2:  GOTO   0CB
....................    { 
....................        lcd_send_nibble(3); 
00C3:  MOVLW  03
00C4:  MOVWF  31
00C5:  CALL   05D
....................        delay_ms(5); 
00C6:  MOVLW  05
00C7:  MOVWF  2A
00C8:  CALL   048
00C9:  INCF   28,F
00CA:  GOTO   0BF
....................    } 
....................     
....................    lcd_send_nibble(2); 
00CB:  MOVLW  02
00CC:  MOVWF  31
00CD:  CALL   05D
....................    delay_ms(5); 
00CE:  MOVLW  05
00CF:  MOVWF  2A
00D0:  CALL   048
....................    for(i=0;i<=3;++i) 
00D1:  CLRF   28
00D2:  MOVF   28,W
00D3:  SUBLW  03
00D4:  BTFSS  03.0
00D5:  GOTO   0DF
....................       lcd_send_byte(0,LCD_INIT_STRING[i]); 
00D6:  MOVF   28,W
00D7:  CALL   004
00D8:  MOVWF  29
00D9:  CLRF   2E
00DA:  MOVF   29,W
00DB:  MOVWF  2F
00DC:  CALL   06F
....................  
....................   #if defined(LCD_EXTENDED_NEWLINE) 
00DD:  INCF   28,F
00DE:  GOTO   0D2
00DF:  GOTO   157 (RETURN)
....................    g_LcdX = 0; 
....................    g_LcdY = 0; 
....................   #endif 
.................... } 
....................  
.................... void lcd_gotoxy(unsigned int8 x, unsigned int8 y) 
.................... { 
....................    unsigned int8 address; 
....................     
....................    if(y!=1) 
*
0107:  DECFSZ 2B,W
0108:  GOTO   10A
0109:  GOTO   10D
....................       address=LCD_LINE_TWO; 
010A:  MOVLW  40
010B:  MOVWF  2C
010C:  GOTO   10E
....................    else 
....................       address=0; 
010D:  CLRF   2C
....................       
....................    address+=x-1; 
010E:  MOVLW  01
010F:  SUBWF  2A,W
0110:  ADDWF  2C,F
....................    lcd_send_byte(0,0x80|address); 
0111:  MOVF   2C,W
0112:  IORLW  80
0113:  MOVWF  2D
0114:  CLRF   2E
0115:  MOVF   2D,W
0116:  MOVWF  2F
0117:  CALL   06F
....................  
....................   #if defined(LCD_EXTENDED_NEWLINE) 
0118:  RETURN
....................    g_LcdX = x - 1; 
....................    g_LcdY = y - 1; 
....................   #endif 
.................... } 
....................  
.................... void lcd_putc(char c) 
.................... { 
....................    switch (c) 
0119:  MOVF   29,W
011A:  XORLW  07
011B:  BTFSC  03.2
011C:  GOTO   127
011D:  XORLW  0B
011E:  BTFSC  03.2
011F:  GOTO   12C
0120:  XORLW  06
0121:  BTFSC  03.2
0122:  GOTO   134
0123:  XORLW  02
0124:  BTFSC  03.2
0125:  GOTO   13A
0126:  GOTO   13F
....................    { 
....................       case '\a'   :  lcd_gotoxy(1,1);     break; 
0127:  MOVLW  01
0128:  MOVWF  2A
0129:  MOVWF  2B
012A:  CALL   107
012B:  GOTO   144
....................  
....................       case '\f'   :  lcd_send_byte(0,1); 
012C:  CLRF   2E
012D:  MOVLW  01
012E:  MOVWF  2F
012F:  CALL   06F
....................                      delay_ms(2); 
0130:  MOVLW  02
0131:  MOVWF  2A
0132:  CALL   048
....................                     #if defined(LCD_EXTENDED_NEWLINE) 
....................                      g_LcdX = 0; 
....................                      g_LcdY = 0; 
....................                     #endif 
....................                      break; 
0133:  GOTO   144
....................  
....................      #if defined(LCD_EXTENDED_NEWLINE) 
....................       case '\r'   :  lcd_gotoxy(1, g_LcdY+1);   break; 
....................       case '\n'   : 
....................          while (g_LcdX++ < LCD_LINE_LENGTH) 
....................          { 
....................             lcd_send_byte(1, ' '); 
....................          } 
....................          lcd_gotoxy(1, g_LcdY+2); 
....................          break; 
....................      #else 
....................       case '\n'   : lcd_gotoxy(1,2);        break; 
0134:  MOVLW  01
0135:  MOVWF  2A
0136:  MOVLW  02
0137:  MOVWF  2B
0138:  CALL   107
0139:  GOTO   144
....................      #endif 
....................       
....................       case '\b'   : lcd_send_byte(0,0x10);  break; 
013A:  CLRF   2E
013B:  MOVLW  10
013C:  MOVWF  2F
013D:  CALL   06F
013E:  GOTO   144
....................       
....................      #if defined(LCD_EXTENDED_NEWLINE) 
....................       default     :  
....................          if (g_LcdX < LCD_LINE_LENGTH) 
....................          { 
....................             lcd_send_byte(1, c); 
....................             g_LcdX++; 
....................          } 
....................          break; 
....................      #else 
....................       default     : lcd_send_byte(1,c);     break; 
013F:  MOVLW  01
0140:  MOVWF  2E
0141:  MOVF   29,W
0142:  MOVWF  2F
0143:  CALL   06F
....................      #endif 
....................    } 
0144:  RETURN
.................... } 
....................   
.................... char lcd_getc(unsigned int8 x, unsigned int8 y) 
.................... { 
....................    char value; 
....................  
....................    lcd_gotoxy(x,y); 
....................    while ( bit_test(lcd_read_byte(),7) ); // wait until busy flag is low 
....................    lcd_output_rs(1); 
....................    value = lcd_read_byte(); 
....................    lcd_output_rs(0); 
....................     
....................    return(value); 
.................... } 
....................  
.................... // write a custom character to the ram 
.................... // which is 0-7 and specifies which character array we are modifying. 
.................... // ptr points to an array of 8 bytes, where each byte is the next row of 
.................... //    pixels.  only bits 0-4 are used.  the last row is the cursor row, and 
.................... //    usually you will want to leave this byte 0x00. 
.................... void lcd_set_cgram_char(unsigned int8 which, unsigned int8 *ptr) 
.................... { 
....................    unsigned int i; 
....................  
....................    which <<= 3; 
*
00E0:  RLF    28,F
00E1:  RLF    28,F
00E2:  RLF    28,F
00E3:  MOVLW  F8
00E4:  ANDWF  28,F
....................    which &= 0x38; 
00E5:  MOVLW  38
00E6:  ANDWF  28,F
....................  
....................    lcd_send_byte(0, 0x40 | which);  //set cgram address 
00E7:  MOVF   28,W
00E8:  IORLW  40
00E9:  MOVWF  2C
00EA:  CLRF   2E
00EB:  MOVF   2C,W
00EC:  MOVWF  2F
00ED:  CALL   06F
....................  
....................    for(i=0; i<8; i++) 
00EE:  CLRF   2B
00EF:  MOVF   2B,W
00F0:  SUBLW  07
00F1:  BTFSS  03.0
00F2:  GOTO   106
....................    { 
....................       lcd_send_byte(1, *ptr++); 
00F3:  MOVF   2A,W
00F4:  MOVWF  7A
00F5:  MOVF   29,W
00F6:  INCF   29,F
00F7:  BTFSC  03.2
00F8:  INCF   2A,F
00F9:  MOVWF  04
00FA:  BCF    03.7
00FB:  BTFSC  7A.0
00FC:  BSF    03.7
00FD:  MOVF   00,W
00FE:  MOVWF  2C
00FF:  MOVLW  01
0100:  MOVWF  2E
0101:  MOVF   2C,W
0102:  MOVWF  2F
0103:  CALL   06F
....................    } 
....................    
....................    #if defined(LCD_EXTENDED_NEWLINE) 
0104:  INCF   2B,F
0105:  GOTO   0EF
0106:  GOTO   15C (RETURN)
....................     lcd_gotoxy(g_LcdX+1, g_LcdY+1);  //set ddram address 
....................    #endif 
.................... } 
....................  
.................... void lcd_cursor_on(int1 on) 
.................... { 
....................    if (on) 
....................    { 
....................       lcd_send_byte(0,0x0F);           //turn LCD cursor ON 
....................    } 
....................    else 
....................    { 
....................       lcd_send_byte(0,0x0C);           //turn LCD cursor OFF 
....................    } 
.................... } 
....................  
.................... #endif 
....................  
....................  
.................... /**************************************************************************** 
.................... display LCD 16 x 2 
.................... coluna   |  1  2  3  4  5  6  7  8  9  10  11  12  13  14  15  16 
.................... ----------------------------------------------------------------- 
.................... linha 1  |  1  2  3  4  5  6  7  8  9  10  11  12  13  14  15  16 
.................... linha 2  |  1  2  3  4  5  6  7  8  9  10  11  12  13  14  15  16 
....................  
.................... dislay LCD 20 x 4 
.................... coluna   |  1  2  3  4  5  6  7  8  9  10  11  12  13  14  15  16  17  18  19  20 
.................... ------------------------------------------------------------------------------ 
.................... linha 1  |  1  2  3  4  5  6  7  8  9  10  11  12  13  14  15  16  17  18  19  20 
.................... linha 2  |  1  2  3  4  5  6  7  8  9  10  11  12  13  14  15  16  17  18  19  20 
.................... linha 1  |  21 22 23 24 25 26 27 28 29 30  31  32  33  34  35  36  37  38  39  40   
.................... linha 2  |  21 22 23 24 25 26 27 28 29 30  31  32  33  34  35  36  37  38  39  40 
....................  
.................... a 3ª linha é uma extensão da 1ª linha 
.................... a 4ª linha é uma extensão da 2ª linha 
....................  
....................  
.................... ****************************************************************************/ 
....................  
.................... char heart[8] = { 
....................    0b00000, 
....................    0b00000, 
....................    0b01010, 
....................    0b11111, 
....................    0b11111, 
....................    0b01110, 
....................    0b00100, 
....................    0b00000 
.................... }; 
*
014A:  CLRF   20
014B:  CLRF   21
014C:  MOVLW  0A
014D:  MOVWF  22
014E:  MOVLW  1F
014F:  MOVWF  23
0150:  MOVWF  24
0151:  MOVLW  0E
0152:  MOVWF  25
0153:  MOVLW  04
0154:  MOVWF  26
0155:  CLRF   27
....................  
.................... void main() 
*
0145:  MOVLW  07
0146:  MOVWF  1F
0147:  BCF    03.7
0148:  MOVLW  1F
0149:  ANDWF  03,F
.................... { 
....................  
....................    lcd_init(); 
*
0156:  GOTO   0AF
....................    lcd_set_cgram_char(0, heart); 
0157:  CLRF   28
0158:  CLRF   2A
0159:  MOVLW  20
015A:  MOVWF  29
015B:  GOTO   0E0
....................     
....................    while(TRUE) 
....................    { 
....................       /* 
....................       // para display 16 x 2 
....................       printf(lcd_putc, "\f  ABMS Telecom\n   Bem vindo!"); 
....................       delay_ms(50); 
....................       */ 
....................        
....................       /* 
....................       // para display 20 x 4 
....................       printf(lcd_putc, "\f"); // limpa a tela 
....................       lcd_gotoxy(1, 2); // linha 2 coluna 0 
....................       printf(lcd_putc, "     ABMS Telecom     "); 
....................       lcd_gotoxy(21, 1); // linha 3 coluna 0 
....................       printf(lcd_putc, "   Seja bem vindo!   "); 
....................       delay_ms(50); 
....................       */ 
....................       printf(lcd_putc, "\f"); 
015C:  MOVLW  0C
015D:  MOVWF  29
015E:  CALL   119
....................       lcd_gotoxy(1, 2); 
015F:  MOVLW  01
0160:  MOVWF  2A
0161:  MOVLW  02
0162:  MOVWF  2B
0163:  CALL   107
....................       printf(lcd_putc, "    ABMS Telecom"); 
0164:  CLRF   28
0165:  MOVF   28,W
0166:  CALL   00C
0167:  INCF   28,F
0168:  MOVWF  77
0169:  MOVWF  29
016A:  CALL   119
016B:  MOVLW  10
016C:  SUBWF  28,W
016D:  BTFSS  03.2
016E:  GOTO   165
....................       lcd_gotoxy(21, 1); 
016F:  MOVLW  15
0170:  MOVWF  2A
0171:  MOVLW  01
0172:  MOVWF  2B
0173:  CALL   107
....................       printf(lcd_putc, "     Bem vindo!"); 
0174:  CLRF   28
0175:  MOVF   28,W
0176:  CALL   021
0177:  INCF   28,F
0178:  MOVWF  77
0179:  MOVWF  29
017A:  CALL   119
017B:  MOVLW  0F
017C:  SUBWF  28,W
017D:  BTFSS  03.2
017E:  GOTO   175
....................       lcd_gotoxy(21, 2); 
017F:  MOVLW  15
0180:  MOVWF  2A
0181:  MOVLW  02
0182:  MOVWF  2B
0183:  CALL   107
....................       printf(lcd_putc, "      %c voce!", 0); 
0184:  CLRF   28
0185:  MOVF   28,W
0186:  CALL   035
0187:  INCF   28,F
0188:  MOVWF  77
0189:  MOVWF  29
018A:  CALL   119
018B:  MOVLW  06
018C:  SUBWF  28,W
018D:  BTFSS  03.2
018E:  GOTO   185
018F:  CLRF   29
0190:  CALL   119
0191:  MOVLW  08
0192:  MOVWF  28
0193:  MOVF   28,W
0194:  CALL   035
0195:  INCF   28,F
0196:  MOVWF  77
0197:  MOVWF  29
0198:  CALL   119
0199:  MOVLW  0E
019A:  SUBWF  28,W
019B:  BTFSS  03.2
019C:  GOTO   193
....................  
....................       delay_ms(400); 
019D:  MOVLW  02
019E:  MOVWF  28
019F:  MOVLW  C8
01A0:  MOVWF  2A
01A1:  CALL   048
01A2:  DECFSZ 28,F
01A3:  GOTO   19F
01A4:  GOTO   15C
....................        
....................    } 
....................  
.................... } 
01A5:  SLEEP

Configuration Fuses:
   Word  1: 3F01   NOWDT PUT XT NOMCLR NOBROWNOUT NOLVP NOCPD NOPROTECT
